2025.10.24 01:26:02 INFO  ce[][o.s.p.ProcessEntryPoint] Starting Compute Engine
2025.10.24 01:26:02 INFO  ce[][o.s.ce.app.CeServer] Compute Engine starting up...
2025.10.24 01:26:03 INFO  ce[][o.sonar.db.Database] Create JDBC data source for jdbc:h2:tcp://127.0.0.1:9092/sonar;NON_KEYWORDS=VALUE
2025.10.24 01:26:03 INFO  ce[][c.z.h.HikariDataSource] HikariPool-1 - Starting...
2025.10.24 01:26:04 INFO  ce[][c.z.h.p.HikariPool] HikariPool-1 - Added connection conn0: url=jdbc:h2:tcp://127.0.0.1:9092/sonar user=
2025.10.24 01:26:04 INFO  ce[][c.z.h.HikariDataSource] HikariPool-1 - Start completed.
2025.10.24 01:26:04 WARN  ce[][o.s.db.dialect.H2] H2 database should be used for evaluation purpose only.
2025.10.24 01:26:06 INFO  ce[][o.s.s.p.ServerFileSystemImpl] SonarQube home: /opt/sonarqube
2025.10.24 01:26:06 INFO  ce[][o.s.c.c.CePluginRepository] Load plugins
2025.10.24 01:26:08 INFO  ce[][o.s.c.c.ComputeEngineContainerImpl] Running Community edition
2025.10.24 01:26:08 INFO  ce[][o.s.ce.app.CeServer] Compute Engine is started
2025.10.24 01:27:57 INFO  ce[][o.s.p.ProcessEntryPoint] Gracefully stopping process
2025.10.24 01:27:57 INFO  ce[][o.s.ce.app.CeServer] Compute Engine is stopping...
2025.10.24 01:27:57 INFO  ce[][o.s.c.t.CeProcessingSchedulerImpl] Gracefully stopping workers...
2025.10.24 01:27:57 INFO  ce[][c.z.h.HikariDataSource] HikariPool-1 - Shutdown initiated...
2025.10.24 01:27:57 INFO  ce[][c.z.h.HikariDataSource] HikariPool-1 - Shutdown completed.
2025.10.24 01:27:57 INFO  ce[][o.s.ce.app.CeServer] Compute Engine is stopped
2025.10.24 01:29:31 INFO  ce[][o.s.p.ProcessEntryPoint] Starting Compute Engine
2025.10.24 01:29:31 INFO  ce[][o.s.ce.app.CeServer] Compute Engine starting up...
2025.10.24 01:29:32 INFO  ce[][o.sonar.db.Database] Create JDBC data source for jdbc:h2:tcp://127.0.0.1:9092/sonar;NON_KEYWORDS=VALUE
2025.10.24 01:29:32 INFO  ce[][c.z.h.HikariDataSource] HikariPool-1 - Starting...
2025.10.24 01:29:32 INFO  ce[][c.z.h.p.HikariPool] HikariPool-1 - Added connection conn0: url=jdbc:h2:tcp://127.0.0.1:9092/sonar user=
2025.10.24 01:29:32 INFO  ce[][c.z.h.HikariDataSource] HikariPool-1 - Start completed.
2025.10.24 01:29:32 WARN  ce[][o.s.db.dialect.H2] H2 database should be used for evaluation purpose only.
2025.10.24 01:29:34 INFO  ce[][o.s.s.p.ServerFileSystemImpl] SonarQube home: /opt/sonarqube
2025.10.24 01:29:34 INFO  ce[][o.s.c.c.CePluginRepository] Load plugins
2025.10.24 01:29:36 INFO  ce[][o.s.c.c.ComputeEngineContainerImpl] Running Community edition
2025.10.24 01:29:36 INFO  ce[][o.s.ce.app.CeServer] Compute Engine is started
2025.10.24 01:30:36 INFO  ce[][o.s.p.ProcessEntryPoint] Gracefully stopping process
2025.10.24 01:30:36 INFO  ce[][o.s.ce.app.CeServer] Compute Engine is stopping...
2025.10.24 01:30:36 INFO  ce[][o.s.c.t.CeProcessingSchedulerImpl] Gracefully stopping workers...
2025.10.24 01:30:36 INFO  ce[][c.z.h.HikariDataSource] HikariPool-1 - Shutdown initiated...
2025.10.24 01:30:36 INFO  ce[][c.z.h.HikariDataSource] HikariPool-1 - Shutdown completed.
2025.10.24 01:30:36 INFO  ce[][o.s.ce.app.CeServer] Compute Engine is stopped
2025.10.24 01:32:09 INFO  ce[][o.s.p.ProcessEntryPoint] Starting Compute Engine
2025.10.24 01:32:09 INFO  ce[][o.s.ce.app.CeServer] Compute Engine starting up...
2025.10.24 01:32:09 INFO  ce[][o.sonar.db.Database] Create JDBC data source for jdbc:h2:tcp://127.0.0.1:9092/sonar;NON_KEYWORDS=VALUE
2025.10.24 01:32:09 INFO  ce[][c.z.h.HikariDataSource] HikariPool-1 - Starting...
2025.10.24 01:32:10 INFO  ce[][c.z.h.p.HikariPool] HikariPool-1 - Added connection conn0: url=jdbc:h2:tcp://127.0.0.1:9092/sonar user=
2025.10.24 01:32:10 INFO  ce[][c.z.h.HikariDataSource] HikariPool-1 - Start completed.
2025.10.24 01:32:10 WARN  ce[][o.s.db.dialect.H2] H2 database should be used for evaluation purpose only.
2025.10.24 01:32:11 INFO  ce[][o.s.s.p.ServerFileSystemImpl] SonarQube home: /opt/sonarqube
2025.10.24 01:32:11 INFO  ce[][o.s.c.c.CePluginRepository] Load plugins
2025.10.24 01:32:13 INFO  ce[][o.s.c.c.ComputeEngineContainerImpl] Running Community edition
2025.10.24 01:32:13 INFO  ce[][o.s.ce.app.CeServer] Compute Engine is started
2025.10.24 01:39:40 INFO  ce[][o.s.c.t.CeWorkerImpl] Execute task | project=Renard | type=REPORT | id=AZoT3xSg_A7NXyEK_Ekv | submitter=admin
2025.10.24 01:39:41 INFO  ce[AZoT3xSg_A7NXyEK_Ekv][o.s.c.t.s.ComputationStepExecutor] Extract report | status=SUCCESS | time=357ms
2025.10.24 01:39:41 INFO  ce[AZoT3xSg_A7NXyEK_Ekv][o.s.c.t.s.ComputationStepExecutor] Persist scanner context | status=SUCCESS | time=18ms
2025.10.24 01:39:41 INFO  ce[AZoT3xSg_A7NXyEK_Ekv][o.s.c.t.s.ComputationStepExecutor] Propagate analysis warnings from scanner report | status=SUCCESS | time=49ms
2025.10.24 01:39:41 INFO  ce[AZoT3xSg_A7NXyEK_Ekv][o.s.c.t.s.ComputationStepExecutor] Generate analysis UUID | status=SUCCESS | time=1ms
2025.10.24 01:39:41 INFO  ce[AZoT3xSg_A7NXyEK_Ekv][o.s.c.t.s.ComputationStepExecutor] Load analysis metadata | status=SUCCESS | time=266ms
2025.10.24 01:39:41 INFO  ce[AZoT3xSg_A7NXyEK_Ekv][o.s.c.t.s.ComputationStepExecutor] Initialize | status=SUCCESS | time=0ms
2025.10.24 01:39:41 INFO  ce[AZoT3xSg_A7NXyEK_Ekv][o.s.c.t.s.ComputationStepExecutor] Build tree of components | components=241 | status=SUCCESS | time=235ms
2025.10.24 01:39:41 INFO  ce[AZoT3xSg_A7NXyEK_Ekv][o.s.c.t.s.ComputationStepExecutor] Validate project | status=SUCCESS | time=8ms
2025.10.24 01:39:41 INFO  ce[AZoT3xSg_A7NXyEK_Ekv][o.s.s.e.EsClientProvider] Connected to local Elasticsearch: [http://localhost:9001]
2025.10.24 01:39:46 INFO  ce[AZoT3xSg_A7NXyEK_Ekv][o.s.c.t.s.ComputationStepExecutor] Load quality profiles | status=SUCCESS | time=4727ms
2025.10.24 01:39:46 INFO  ce[AZoT3xSg_A7NXyEK_Ekv][o.s.c.t.s.ComputationStepExecutor] Load file hashes and statuses | status=SUCCESS | time=8ms
2025.10.24 01:39:46 INFO  ce[AZoT3xSg_A7NXyEK_Ekv][o.s.c.t.s.ComputationStepExecutor] Load Quality gate | status=SUCCESS | time=16ms
2025.10.24 01:39:46 INFO  ce[AZoT3xSg_A7NXyEK_Ekv][o.s.c.t.s.ComputationStepExecutor] Load new code period | status=SUCCESS | time=11ms
2025.10.24 01:39:46 INFO  ce[AZoT3xSg_A7NXyEK_Ekv][o.s.c.t.s.ComputationStepExecutor] Detect file moves | status=SUCCESS | time=0ms
2025.10.24 01:39:46 INFO  ce[AZoT3xSg_A7NXyEK_Ekv][o.s.c.t.s.ComputationStepExecutor] Detect file moves in Pull Request scope | status=SUCCESS | time=0ms
2025.10.24 01:39:46 INFO  ce[AZoT3xSg_A7NXyEK_Ekv][o.s.c.t.s.ComputationStepExecutor] Load duplications | duplications=80 | status=SUCCESS | time=70ms
2025.10.24 01:39:46 INFO  ce[AZoT3xSg_A7NXyEK_Ekv][o.s.c.t.s.ComputationStepExecutor] Compute cross project duplications | status=SUCCESS | time=0ms
2025.10.24 01:39:47 INFO  ce[AZoT3xSg_A7NXyEK_Ekv][o.s.c.t.s.ComputationStepExecutor] Compute size measures | status=SUCCESS | time=127ms
2025.10.24 01:39:47 INFO  ce[AZoT3xSg_A7NXyEK_Ekv][o.s.c.t.s.ComputationStepExecutor] Compute new coverage | status=SUCCESS | time=23ms
2025.10.24 01:39:47 INFO  ce[AZoT3xSg_A7NXyEK_Ekv][o.s.c.t.s.ComputationStepExecutor] Compute coverage measures | status=SUCCESS | time=59ms
2025.10.24 01:39:47 INFO  ce[AZoT3xSg_A7NXyEK_Ekv][o.s.c.t.s.ComputationStepExecutor] Compute comment measures | status=SUCCESS | time=16ms
2025.10.24 01:39:47 INFO  ce[AZoT3xSg_A7NXyEK_Ekv][o.s.c.t.s.ComputationStepExecutor] Compute duplication measures | status=SUCCESS | time=11ms
2025.10.24 01:39:47 INFO  ce[AZoT3xSg_A7NXyEK_Ekv][o.s.c.t.s.ComputationStepExecutor] Compute size measures on new code | status=SUCCESS | time=2ms
2025.10.24 01:39:47 INFO  ce[AZoT3xSg_A7NXyEK_Ekv][o.s.c.t.s.ComputationStepExecutor] Compute language distribution | status=SUCCESS | time=48ms
2025.10.24 01:39:47 INFO  ce[AZoT3xSg_A7NXyEK_Ekv][o.s.c.t.s.ComputationStepExecutor] Compute test measures | status=SUCCESS | time=6ms
2025.10.24 01:39:47 INFO  ce[AZoT3xSg_A7NXyEK_Ekv][o.s.c.t.s.ComputationStepExecutor] Compute complexity measures | status=SUCCESS | time=5ms
2025.10.24 01:39:47 INFO  ce[AZoT3xSg_A7NXyEK_Ekv][o.s.c.t.s.ComputationStepExecutor] Load measure computers | status=SUCCESS | time=4ms
2025.10.24 01:39:47 INFO  ce[AZoT3xSg_A7NXyEK_Ekv][o.s.c.t.s.ComputationStepExecutor] Compute Quality Profile status | status=SUCCESS | time=8ms
2025.10.24 01:39:50 INFO  ce[AZoT3xSg_A7NXyEK_Ekv][o.s.c.t.s.ComputationStepExecutor] Execute component visitors | status=SUCCESS | time=2608ms
2025.10.24 01:39:50 INFO  ce[AZoT3xSg_A7NXyEK_Ekv][o.s.c.t.s.ComputationStepExecutor] Checks executed after computation of measures | status=SUCCESS | time=1ms
2025.10.24 01:39:50 INFO  ce[AZoT3xSg_A7NXyEK_Ekv][o.s.c.t.s.ComputationStepExecutor] Compute Quality Gate measures | status=SUCCESS | time=16ms
2025.10.24 01:39:50 INFO  ce[AZoT3xSg_A7NXyEK_Ekv][o.s.c.t.s.ComputationStepExecutor] Compute Quality profile measures | status=SUCCESS | time=16ms
2025.10.24 01:39:50 INFO  ce[AZoT3xSg_A7NXyEK_Ekv][o.s.c.t.s.ComputationStepExecutor] Generate Quality profile events | status=SUCCESS | time=6ms
2025.10.24 01:39:50 INFO  ce[AZoT3xSg_A7NXyEK_Ekv][o.s.c.t.s.ComputationStepExecutor] Generate Quality gate events | status=SUCCESS | time=3ms
2025.10.24 01:39:50 INFO  ce[AZoT3xSg_A7NXyEK_Ekv][o.s.c.t.s.ComputationStepExecutor] Check upgrade possibility for not analyzed code files. | status=SUCCESS | time=5ms
2025.10.24 01:39:50 INFO  ce[AZoT3xSg_A7NXyEK_Ekv][o.s.c.t.s.ComputationStepExecutor] Persist scanner analysis cache | status=SUCCESS | time=14ms
2025.10.24 01:39:50 INFO  ce[AZoT3xSg_A7NXyEK_Ekv][o.s.c.t.s.ComputationStepExecutor] Persist components | status=SUCCESS | time=313ms
2025.10.24 01:39:50 INFO  ce[AZoT3xSg_A7NXyEK_Ekv][o.s.c.t.s.ComputationStepExecutor] Persist analysis | status=SUCCESS | time=8ms
2025.10.24 01:39:50 INFO  ce[AZoT3xSg_A7NXyEK_Ekv][o.s.c.t.s.ComputationStepExecutor] Persist analysis properties | status=SUCCESS | time=13ms
2025.10.24 01:39:50 INFO  ce[AZoT3xSg_A7NXyEK_Ekv][o.s.c.t.s.ComputationStepExecutor] Persist measures | inserts=51 | status=SUCCESS | time=48ms
2025.10.24 01:39:54 INFO  ce[AZoT3xSg_A7NXyEK_Ekv][o.s.c.t.s.ComputationStepExecutor] Persist live measures | insertsOrUpdates=6907 | status=SUCCESS | time=4153ms
2025.10.24 01:39:54 INFO  ce[AZoT3xSg_A7NXyEK_Ekv][o.s.c.t.s.ComputationStepExecutor] Persist JSON measures | status=SUCCESS | time=15ms
2025.10.24 01:39:54 INFO  ce[AZoT3xSg_A7NXyEK_Ekv][o.s.c.t.s.ComputationStepExecutor] Persist duplication data | insertsOrUpdates=0 | status=SUCCESS | time=116ms
2025.10.24 01:39:54 INFO  ce[AZoT3xSg_A7NXyEK_Ekv][o.s.c.t.s.ComputationStepExecutor] Persist new ad hoc Rules | status=SUCCESS | time=0ms
2025.10.24 01:39:55 INFO  ce[AZoT3xSg_A7NXyEK_Ekv][o.s.c.t.s.ComputationStepExecutor] Persist issues | cacheSize=161.4 kB | inserts=310 | updates=0 | merged=0 | status=SUCCESS | time=299ms
2025.10.24 01:39:55 INFO  ce[AZoT3xSg_A7NXyEK_Ekv][o.s.c.t.s.ComputationStepExecutor] Delete issue changes | changes=0 | status=SUCCESS | time=0ms
2025.10.24 01:39:55 INFO  ce[AZoT3xSg_A7NXyEK_Ekv][o.s.c.t.s.ComputationStepExecutor] Persist project links | status=SUCCESS | time=10ms
2025.10.24 01:39:55 INFO  ce[AZoT3xSg_A7NXyEK_Ekv][o.s.c.t.s.ComputationStepExecutor] Persist events | status=SUCCESS | time=11ms
2025.10.24 01:39:56 INFO  ce[AZoT3xSg_A7NXyEK_Ekv][o.s.c.t.s.ComputationStepExecutor] Persist sources | status=SUCCESS | time=1617ms
2025.10.24 01:39:56 INFO  ce[AZoT3xSg_A7NXyEK_Ekv][o.s.c.t.s.ComputationStepExecutor] Persist cross project duplications | status=SUCCESS | time=0ms
2025.10.24 01:39:56 INFO  ce[AZoT3xSg_A7NXyEK_Ekv][o.s.c.t.s.ComputationStepExecutor] Enable analysis | status=SUCCESS | time=12ms
2025.10.24 01:39:56 INFO  ce[AZoT3xSg_A7NXyEK_Ekv][o.s.c.t.s.ComputationStepExecutor] Update last usage date of quality profiles | status=SUCCESS | time=12ms
2025.10.24 01:39:57 INFO  ce[AZoT3xSg_A7NXyEK_Ekv][o.s.c.t.s.ComputationStepExecutor] Purge db | status=SUCCESS | time=119ms
2025.10.24 01:39:59 INFO  ce[AZoT3xSg_A7NXyEK_Ekv][o.s.c.t.s.ComputationStepExecutor] Index analysis | status=SUCCESS | time=2639ms
2025.10.24 01:39:59 INFO  ce[AZoT3xSg_A7NXyEK_Ekv][o.s.c.t.s.ComputationStepExecutor] Update need issue sync for branch | status=SUCCESS | time=3ms
2025.10.24 01:39:59 INFO  ce[AZoT3xSg_A7NXyEK_Ekv][o.s.c.t.s.ComputationStepExecutor] Compute total Project ncloc | status=SUCCESS | time=6ms
2025.10.24 01:39:59 INFO  ce[AZoT3xSg_A7NXyEK_Ekv][o.s.c.t.s.ComputationStepExecutor] Publishing taint vulnerabilities events | status=SUCCESS | time=31ms
2025.10.24 01:39:59 INFO  ce[AZoT3xSg_A7NXyEK_Ekv][o.s.c.t.s.ComputationStepExecutor] Send issue notifications | newIssuesNotifs=0 | newIssuesDeliveries=0 | myNewIssuesNotifs=0 | myNewIssuesDeliveries=0 | changesNotifs=0 | changesDeliveries=0 | status=SUCCESS | time=11ms
2025.10.24 01:39:59 INFO  ce[AZoT3xSg_A7NXyEK_Ekv][o.s.c.t.s.ComputationStepExecutor] Publish task results | status=SUCCESS | time=0ms
2025.10.24 01:39:59 INFO  ce[AZoT3xSg_A7NXyEK_Ekv][o.s.c.t.s.ComputationStepExecutor] Trigger refresh of Portfolios and Applications | status=SUCCESS | time=0ms
2025.10.24 01:39:59 INFO  ce[AZoT3xSg_A7NXyEK_Ekv][o.s.c.t.p.a.p.PostProjectAnalysisTasksExecutor] Webhooks | globalWebhooks=0 | projectWebhooks=0 | status=SUCCESS | time=6ms
2025.10.24 01:39:59 INFO  ce[AZoT3xSg_A7NXyEK_Ekv][o.s.c.t.CeWorkerImpl] Executed task | project=Renard | type=REPORT | id=AZoT3xSg_A7NXyEK_Ekv | submitter=admin | status=SUCCESS | time=19797ms
2025.10.24 02:13:57 INFO  ce[][o.s.c.t.CeWorkerImpl] Execute task | project=Renard | type=REPORT | id=AZoT_n68_A7NXyEK_Ek0 | submitter=admin
2025.10.24 02:13:58 INFO  ce[AZoT_n68_A7NXyEK_Ek0][o.s.c.t.s.ComputationStepExecutor] Extract report | status=SUCCESS | time=489ms
2025.10.24 02:13:58 INFO  ce[AZoT_n68_A7NXyEK_Ek0][o.s.c.t.s.ComputationStepExecutor] Persist scanner context | status=SUCCESS | time=32ms
2025.10.24 02:13:58 INFO  ce[AZoT_n68_A7NXyEK_Ek0][o.s.c.t.s.ComputationStepExecutor] Propagate analysis warnings from scanner report | status=SUCCESS | time=13ms
2025.10.24 02:13:58 INFO  ce[AZoT_n68_A7NXyEK_Ek0][o.s.c.t.s.ComputationStepExecutor] Generate analysis UUID | status=SUCCESS | time=0ms
2025.10.24 02:13:58 INFO  ce[AZoT_n68_A7NXyEK_Ek0][o.s.c.t.s.ComputationStepExecutor] Load analysis metadata | status=SUCCESS | time=42ms
2025.10.24 02:13:58 INFO  ce[AZoT_n68_A7NXyEK_Ek0][o.s.c.t.s.ComputationStepExecutor] Initialize | status=SUCCESS | time=4ms
2025.10.24 02:13:58 INFO  ce[AZoT_n68_A7NXyEK_Ek0][o.s.c.t.s.ComputationStepExecutor] Build tree of components | components=242 | status=SUCCESS | time=93ms
2025.10.24 02:13:58 INFO  ce[AZoT_n68_A7NXyEK_Ek0][o.s.c.t.s.ComputationStepExecutor] Validate project | status=SUCCESS | time=6ms
2025.10.24 02:14:04 INFO  ce[AZoT_n68_A7NXyEK_Ek0][o.s.c.t.s.ComputationStepExecutor] Load quality profiles | status=SUCCESS | time=5541ms
2025.10.24 02:14:04 INFO  ce[AZoT_n68_A7NXyEK_Ek0][o.s.c.t.s.ComputationStepExecutor] Load file hashes and statuses | status=SUCCESS | time=115ms
2025.10.24 02:14:04 INFO  ce[AZoT_n68_A7NXyEK_Ek0][o.s.c.t.s.ComputationStepExecutor] Load Quality gate | status=SUCCESS | time=9ms
2025.10.24 02:14:04 INFO  ce[AZoT_n68_A7NXyEK_Ek0][o.s.c.t.s.ComputationStepExecutor] Load new code period | status=SUCCESS | time=17ms
2025.10.24 02:14:04 INFO  ce[AZoT_n68_A7NXyEK_Ek0][o.s.c.t.s.ComputationStepExecutor] Detect file moves | reportFiles=187 | dbFiles=186 | addedFiles=1 | status=SUCCESS | time=64ms
2025.10.24 02:14:04 INFO  ce[AZoT_n68_A7NXyEK_Ek0][o.s.c.t.s.ComputationStepExecutor] Detect file moves in Pull Request scope | status=SUCCESS | time=0ms
2025.10.24 02:14:04 INFO  ce[AZoT_n68_A7NXyEK_Ek0][o.s.c.t.s.ComputationStepExecutor] Load duplications | duplications=80 | status=SUCCESS | time=23ms
2025.10.24 02:14:04 INFO  ce[AZoT_n68_A7NXyEK_Ek0][o.s.c.t.s.ComputationStepExecutor] Compute cross project duplications | status=SUCCESS | time=0ms
2025.10.24 02:14:04 INFO  ce[AZoT_n68_A7NXyEK_Ek0][o.s.c.t.s.ComputationStepExecutor] Compute size measures | status=SUCCESS | time=27ms
2025.10.24 02:14:05 INFO  ce[AZoT_n68_A7NXyEK_Ek0][o.s.c.t.s.ComputationStepExecutor] Compute new coverage | status=SUCCESS | time=1383ms
2025.10.24 02:14:05 INFO  ce[AZoT_n68_A7NXyEK_Ek0][o.s.c.t.s.ComputationStepExecutor] Compute coverage measures | status=SUCCESS | time=32ms
2025.10.24 02:14:05 INFO  ce[AZoT_n68_A7NXyEK_Ek0][o.s.c.t.s.ComputationStepExecutor] Compute comment measures | status=SUCCESS | time=5ms
2025.10.24 02:14:05 INFO  ce[AZoT_n68_A7NXyEK_Ek0][o.s.c.t.s.ComputationStepExecutor] Compute duplication measures | status=SUCCESS | time=9ms
2025.10.24 02:14:06 INFO  ce[AZoT_n68_A7NXyEK_Ek0][o.s.c.t.s.ComputationStepExecutor] Compute size measures on new code | status=SUCCESS | time=38ms
2025.10.24 02:14:06 INFO  ce[AZoT_n68_A7NXyEK_Ek0][o.s.c.t.s.ComputationStepExecutor] Compute language distribution | status=SUCCESS | time=16ms
2025.10.24 02:14:06 INFO  ce[AZoT_n68_A7NXyEK_Ek0][o.s.c.t.s.ComputationStepExecutor] Compute test measures | status=SUCCESS | time=5ms
2025.10.24 02:14:06 INFO  ce[AZoT_n68_A7NXyEK_Ek0][o.s.c.t.s.ComputationStepExecutor] Compute complexity measures | status=SUCCESS | time=12ms
2025.10.24 02:14:06 INFO  ce[AZoT_n68_A7NXyEK_Ek0][o.s.c.t.s.ComputationStepExecutor] Load measure computers | status=SUCCESS | time=0ms
2025.10.24 02:14:06 INFO  ce[AZoT_n68_A7NXyEK_Ek0][o.s.c.t.s.ComputationStepExecutor] Compute Quality Profile status | status=SUCCESS | time=23ms
2025.10.24 02:14:08 INFO  ce[AZoT_n68_A7NXyEK_Ek0][o.s.c.t.s.ComputationStepExecutor] Execute component visitors | status=SUCCESS | time=1951ms
2025.10.24 02:14:08 INFO  ce[AZoT_n68_A7NXyEK_Ek0][o.s.c.t.s.ComputationStepExecutor] Checks executed after computation of measures | status=SUCCESS | time=0ms
2025.10.24 02:14:08 INFO  ce[AZoT_n68_A7NXyEK_Ek0][o.s.c.t.s.ComputationStepExecutor] Compute Quality Gate measures | status=SUCCESS | time=63ms
2025.10.24 02:14:08 INFO  ce[AZoT_n68_A7NXyEK_Ek0][o.s.c.t.s.ComputationStepExecutor] Compute Quality profile measures | status=SUCCESS | time=2ms
2025.10.24 02:14:08 INFO  ce[AZoT_n68_A7NXyEK_Ek0][o.s.c.t.s.ComputationStepExecutor] Generate Quality profile events | status=SUCCESS | time=14ms
2025.10.24 02:14:08 INFO  ce[AZoT_n68_A7NXyEK_Ek0][o.s.c.t.s.ComputationStepExecutor] Generate Quality gate events | status=SUCCESS | time=21ms
2025.10.24 02:14:08 INFO  ce[AZoT_n68_A7NXyEK_Ek0][o.s.c.t.s.ComputationStepExecutor] Check upgrade possibility for not analyzed code files. | status=SUCCESS | time=0ms
2025.10.24 02:14:08 INFO  ce[AZoT_n68_A7NXyEK_Ek0][o.s.c.t.s.ComputationStepExecutor] Persist scanner analysis cache | status=SUCCESS | time=57ms
2025.10.24 02:14:08 INFO  ce[AZoT_n68_A7NXyEK_Ek0][o.s.c.t.s.ComputationStepExecutor] Persist components | status=SUCCESS | time=38ms
2025.10.24 02:14:08 INFO  ce[AZoT_n68_A7NXyEK_Ek0][o.s.c.t.s.ComputationStepExecutor] Persist analysis | status=SUCCESS | time=3ms
2025.10.24 02:14:08 INFO  ce[AZoT_n68_A7NXyEK_Ek0][o.s.c.t.s.ComputationStepExecutor] Persist analysis properties | status=SUCCESS | time=5ms
2025.10.24 02:14:08 INFO  ce[AZoT_n68_A7NXyEK_Ek0][o.s.c.t.s.ComputationStepExecutor] Persist measures | inserts=53 | status=SUCCESS | time=27ms
2025.10.24 02:14:12 INFO  ce[AZoT_n68_A7NXyEK_Ek0][o.s.c.t.s.ComputationStepExecutor] Persist live measures | insertsOrUpdates=9617 | status=SUCCESS | time=3805ms
2025.10.24 02:14:12 INFO  ce[AZoT_n68_A7NXyEK_Ek0][o.s.c.t.s.ComputationStepExecutor] Persist JSON measures | status=SUCCESS | time=1ms
2025.10.24 02:14:12 INFO  ce[AZoT_n68_A7NXyEK_Ek0][o.s.c.t.s.ComputationStepExecutor] Persist duplication data | insertsOrUpdates=0 | status=SUCCESS | time=28ms
2025.10.24 02:14:12 INFO  ce[AZoT_n68_A7NXyEK_Ek0][o.s.c.t.s.ComputationStepExecutor] Persist new ad hoc Rules | status=SUCCESS | time=0ms
2025.10.24 02:14:12 INFO  ce[AZoT_n68_A7NXyEK_Ek0][o.s.c.t.s.ComputationStepExecutor] Persist issues | cacheSize=646 bytes | inserts=2 | updates=0 | merged=0 | status=SUCCESS | time=8ms
2025.10.24 02:14:12 INFO  ce[AZoT_n68_A7NXyEK_Ek0][o.s.c.t.s.ComputationStepExecutor] Delete issue changes | changes=0 | status=SUCCESS | time=0ms
2025.10.24 02:14:12 INFO  ce[AZoT_n68_A7NXyEK_Ek0][o.s.c.t.s.ComputationStepExecutor] Persist project links | status=SUCCESS | time=2ms
2025.10.24 02:14:12 INFO  ce[AZoT_n68_A7NXyEK_Ek0][o.s.c.t.s.ComputationStepExecutor] Persist events | status=SUCCESS | time=4ms
2025.10.24 02:14:12 INFO  ce[AZoT_n68_A7NXyEK_Ek0][o.s.c.t.s.ComputationStepExecutor] Persist sources | status=SUCCESS | time=435ms
2025.10.24 02:14:12 INFO  ce[AZoT_n68_A7NXyEK_Ek0][o.s.c.t.s.ComputationStepExecutor] Persist cross project duplications | status=SUCCESS | time=0ms
2025.10.24 02:14:12 INFO  ce[AZoT_n68_A7NXyEK_Ek0][o.s.c.t.s.ComputationStepExecutor] Enable analysis | status=SUCCESS | time=15ms
2025.10.24 02:14:12 INFO  ce[AZoT_n68_A7NXyEK_Ek0][o.s.c.t.s.ComputationStepExecutor] Update last usage date of quality profiles | status=SUCCESS | time=11ms
2025.10.24 02:14:12 INFO  ce[AZoT_n68_A7NXyEK_Ek0][o.s.c.t.s.ComputationStepExecutor] Purge db | status=SUCCESS | time=110ms
2025.10.24 02:14:15 INFO  ce[AZoT_n68_A7NXyEK_Ek0][o.s.c.t.s.ComputationStepExecutor] Index analysis | status=SUCCESS | time=2177ms
2025.10.24 02:14:15 INFO  ce[AZoT_n68_A7NXyEK_Ek0][o.s.c.t.s.ComputationStepExecutor] Update need issue sync for branch | status=SUCCESS | time=4ms
2025.10.24 02:14:15 INFO  ce[AZoT_n68_A7NXyEK_Ek0][o.s.c.t.s.ComputationStepExecutor] Compute total Project ncloc | status=SUCCESS | time=4ms
2025.10.24 02:14:15 INFO  ce[AZoT_n68_A7NXyEK_Ek0][o.s.c.t.s.ComputationStepExecutor] Publishing taint vulnerabilities events | status=SUCCESS | time=3ms
2025.10.24 02:14:15 INFO  ce[AZoT_n68_A7NXyEK_Ek0][o.s.c.t.s.ComputationStepExecutor] Send issue notifications | newIssuesNotifs=0 | newIssuesDeliveries=0 | myNewIssuesNotifs=0 | myNewIssuesDeliveries=0 | changesNotifs=0 | changesDeliveries=0 | status=SUCCESS | time=3ms
2025.10.24 02:14:15 INFO  ce[AZoT_n68_A7NXyEK_Ek0][o.s.c.t.s.ComputationStepExecutor] Publish task results | status=SUCCESS | time=0ms
2025.10.24 02:14:15 INFO  ce[AZoT_n68_A7NXyEK_Ek0][o.s.c.t.s.ComputationStepExecutor] Trigger refresh of Portfolios and Applications | status=SUCCESS | time=0ms
2025.10.24 02:14:15 INFO  ce[AZoT_n68_A7NXyEK_Ek0][o.s.c.t.p.a.p.PostProjectAnalysisTasksExecutor] Webhooks | globalWebhooks=0 | projectWebhooks=0 | status=SUCCESS | time=4ms
2025.10.24 02:14:15 INFO  ce[AZoT_n68_A7NXyEK_Ek0][o.s.c.t.CeWorkerImpl] Executed task | project=Renard | type=REPORT | id=AZoT_n68_A7NXyEK_Ek0 | submitter=admin | status=SUCCESS | time=17391ms
2025.10.24 03:01:49 INFO  ce[][o.s.p.ProcessEntryPoint] Gracefully stopping process
2025.10.24 03:01:49 INFO  ce[][o.s.ce.app.CeServer] Compute Engine is stopping...
2025.10.24 03:01:49 INFO  ce[][o.s.c.t.CeProcessingSchedulerImpl] Gracefully stopping workers...
2025.10.24 03:01:49 INFO  ce[][c.z.h.HikariDataSource] HikariPool-1 - Shutdown initiated...
2025.10.24 03:01:49 INFO  ce[][c.z.h.HikariDataSource] HikariPool-1 - Shutdown completed.
2025.10.24 03:01:49 INFO  ce[][o.s.ce.app.CeServer] Compute Engine is stopped
2025.10.24 03:02:57 INFO  ce[][o.s.p.ProcessEntryPoint] Starting Compute Engine
2025.10.24 03:02:57 INFO  ce[][o.s.ce.app.CeServer] Compute Engine starting up...
2025.10.24 03:02:57 INFO  ce[][o.sonar.db.Database] Create JDBC data source for jdbc:h2:tcp://127.0.0.1:9092/sonar;NON_KEYWORDS=VALUE
2025.10.24 03:02:57 INFO  ce[][c.z.h.HikariDataSource] HikariPool-1 - Starting...
2025.10.24 03:02:58 INFO  ce[][c.z.h.p.HikariPool] HikariPool-1 - Added connection conn0: url=jdbc:h2:tcp://127.0.0.1:9092/sonar user=
2025.10.24 03:02:58 INFO  ce[][c.z.h.HikariDataSource] HikariPool-1 - Start completed.
2025.10.24 03:02:58 WARN  ce[][o.s.db.dialect.H2] H2 database should be used for evaluation purpose only.
2025.10.24 03:03:00 INFO  ce[][o.s.s.p.ServerFileSystemImpl] SonarQube home: /opt/sonarqube
2025.10.24 03:03:00 INFO  ce[][o.s.c.c.CePluginRepository] Load plugins
2025.10.24 03:03:03 INFO  ce[][o.s.c.c.ComputeEngineContainerImpl] Running Community edition
2025.10.24 03:03:03 INFO  ce[][o.s.ce.app.CeServer] Compute Engine is started
2025.10.24 03:05:05 INFO  ce[][o.s.p.ProcessEntryPoint] Gracefully stopping process
2025.10.24 03:05:05 INFO  ce[][o.s.ce.app.CeServer] Compute Engine is stopping...
2025.10.24 03:05:05 INFO  ce[][o.s.c.t.CeProcessingSchedulerImpl] Gracefully stopping workers...
2025.10.24 03:05:05 INFO  ce[][c.z.h.HikariDataSource] HikariPool-1 - Shutdown initiated...
2025.10.24 03:05:05 INFO  ce[][c.z.h.HikariDataSource] HikariPool-1 - Shutdown completed.
2025.10.24 03:05:05 INFO  ce[][o.s.ce.app.CeServer] Compute Engine is stopped
